*****************************************************************
      SolidWorks Corporation - IGES Processor Status Report
*****************************************************************
=================================================================
General Information
=================================================================
Sending System Product I.D.  : ROB-12166
Receiving System Product I.D.: ROB-12166
File Name                    : \\kentro\work\MEng\Drawings\SDW\SFE Products\ROB\ROB-12166.IGS
Sending System               : SolidWorks 2014
Preprocessor Version         : SolidWorks 2014
File Creation Date           : 141204.105413
Model Creation Date          : 141204.105413
Units                        : IN
Model Space Scale            : 1
Author                       : Evan.Spitler
Organization                 : 


=================================================================
Entity Processing Information
=================================================================


=================================================================
Precision analysis of IGES file:
=================================================================
  Most prevalent number of significant digits:               2
  Highest number of significant digits:                     10
  Average number of significant digits:                 4.3913
  Maximum distance to origin:                          55.8197
  Minimum distance to origin:                                0
  Effective number of significant digits:                   10


=================================================================
Entity Summary
=================================================================
-----------------------------------------------------------------
Type Name                                         Count Converted
---- ----                                         ----- ---------
100  Arc                                            132       132
102  Composite curve                                170       170
110  Line                                           242       242
120  Surface of revolution                           47        47
124  Transformation matrix                           88        88
126  Rational B-spline curve                        294       294
128  Rational B-spline surface                       19        19
142  Curve on a parametric surface                   85        85
144  Trimmed parametric surface                      66        66
314  Color definition                                 1         1
_________________________________________________________________


=================================================================
Result Summary
=================================================================
SolidWorks Feature Type                Count
-----------------------                -----
Solid feature(s)                       1
Surface feature(s)                     0
Curve/Sketch feature(s)                0
--------------------------------------------
Start time: Thursday, December 04, 2014 10:54:45
Finish time: Thursday, December 04, 2014 10:54:46
Processing time: 0 days, 00 hours, 00 mins, 01 secs
